Hello from AZL!